START 2026-09-29T17:48:46.371071+00:00
COMMAND ['/usr/bin/python3', '-m', 'uv', 'pip', 'install', '--python', '/content/soup-py312/bin/python', 'soup-cli[train]==0.75.1']
2026-09-29T17:48:46.484389+00:00 Using Python 3.12.3 environment at: soup-py312
2026-09-29T17:48:47.135739+00:00 Resolved 82 packages in 650ms
2026-09-29T17:49:39.854230+00:00 Prepared 82 packages in 52.71s
2026-09-29T17:49:40.495368+00:00 Installed 82 packages in 640ms
2026-09-29T17:49:40.495412+00:00  + accelerate==1.15.0
2026-09-29T17:49:40.495437+00:00  + aiohappyeyeballs==2.7.1
2026-09-29T17:49:40.495468+00:00  + aiohttp==3.14.3
2026-09-29T17:49:40.495904+00:00  + aiosignal==1.4.0
2026-09-29T17:49:40.495926+00:00  + annotated-types==0.8.0
2026-09-29T17:49:40.495938+00:00  + anyio==4.15.1
2026-09-29T17:49:40.495950+00:00  + attrs==26.1.0
2026-09-29T17:49:40.495961+00:00  + bitsandbytes==0.50.2
2026-09-29T17:49:40.495971+00:00  + certifi==2026.7.22
2026-09-29T17:49:40.495982+00:00  + charset-normalizer==3.5.1
2026-09-29T17:49:40.495992+00:00  + click==8.5.0
2026-09-29T17:49:40.496002+00:00  + cuda-bindings==13.4.3
2026-09-29T17:49:40.496012+00:00  + cuda-pathfinder==1.8.2
2026-09-29T17:49:40.496022+00:00  + cuda-toolkit==13.0.3.0
2026-09-29T17:49:40.496031+00:00  + datasets==5.0.1
2026-09-29T17:49:40.496049+00:00  + dill==0.4.1
2026-09-29T17:49:40.496058+00:00  + filelock==4.0.6
2026-09-29T17:49:40.496069+00:00  + frozenlist==1.8.0
2026-09-29T17:49:40.496079+00:00  + fsspec==2026.6.0
2026-09-29T17:49:40.496088+00:00  + h11==0.16.0
2026-09-29T17:49:40.496102+00:00  + hf-xet==1.6.0
2026-09-29T17:49:40.496112+00:00  + httpcore==1.0.9
2026-09-29T17:49:40.496125+00:00  + httpx==0.28.1
2026-09-29T17:49:40.496156+00:00  + huggingface-hub==1.33.0
2026-09-29T17:49:40.496187+00:00  + idna==3.20
2026-09-29T17:49:40.496220+00:00  + jinja2==3.1.6
2026-09-29T17:49:40.496254+00:00  + markdown-it-py==4.2.0
2026-09-29T17:49:40.496284+00:00  + markupsafe==3.0.3
2026-09-29T17:49:40.496328+00:00  + mdurl==0.1.2
2026-09-29T17:49:40.496374+00:00  + mpmath==1.3.0
2026-09-29T17:49:40.496402+00:00  + multidict==6.9.1
2026-09-29T17:49:40.496434+00:00  + multiprocess==0.70.19
2026-09-29T17:49:40.496462+00:00  + networkx==3.7
2026-09-29T17:49:40.496492+00:00  + numpy==2.5.3
2026-09-29T17:49:40.496534+00:00  + nvidia-cublas==13.1.1.3
2026-09-29T17:49:40.496562+00:00  + nvidia-cuda-cupti==13.0.85
2026-09-29T17:49:40.496600+00:00  + nvidia-cuda-nvrtc==13.0.88
2026-09-29T17:49:40.496629+00:00  + nvidia-cuda-runtime==13.0.96
2026-09-29T17:49:40.496666+00:00  + nvidia-cudnn-cu13==9.24.0.43
2026-09-29T17:49:40.496709+00:00  + nvidia-cufft==12.0.0.61
2026-09-29T17:49:40.496744+00:00  + nvidia-cufile==1.15.1.6
2026-09-29T17:49:40.496781+00:00  + nvidia-curand==10.4.0.35
2026-09-29T17:49:40.496820+00:00  + nvidia-cusolver==12.0.4.66
2026-09-29T17:49:40.496870+00:00  + nvidia-cusparse==12.6.3.3
2026-09-29T17:49:40.496902+00:00  + nvidia-cusparselt-cu13==0.8.1
2026-09-29T17:49:40.496930+00:00  + nvidia-nccl-cu13==2.30.7
2026-09-29T17:49:40.496966+00:00  + nvidia-nvjitlink==13.4.92
2026-09-29T17:49:40.497001+00:00  + nvidia-nvshmem-cu13==3.4.5
2026-09-29T17:49:40.497031+00:00  + nvidia-nvtx==13.0.85
2026-09-29T17:49:40.497062+00:00  + packaging==26.3
2026-09-29T17:49:40.497091+00:00  + pandas==3.0.6
2026-09-29T17:49:40.497122+00:00  + peft==0.21.1
2026-09-29T17:49:40.497157+00:00  + plotext==6.1.0
2026-09-29T17:49:40.497194+00:00  + propcache==0.5.4
2026-09-29T17:49:40.497230+00:00  + psutil==7.2.2
2026-09-29T17:49:40.497264+00:00  + pyarrow==25.0.1
2026-09-29T17:49:40.497294+00:00  + pydantic==2.13.5
2026-09-29T17:49:40.497336+00:00  + pydantic-core==2.46.5
2026-09-29T17:49:40.497369+00:00  + pygments==2.21.0
2026-09-29T17:49:40.497406+00:00  + python-dateutil==2.9.0.post0
2026-09-29T17:49:40.497435+00:00  + pyyaml==6.0.3
2026-09-29T17:49:40.497470+00:00  + regex==2026.9.29
2026-09-29T17:49:40.497503+00:00  + requests==2.34.2
2026-09-29T17:49:40.497537+00:00  + rich==15.0.0
2026-09-29T17:49:40.497570+00:00  + safetensors==0.8.0
2026-09-29T17:49:40.497600+00:00  + setuptools==84.0.0
2026-09-29T17:49:40.497631+00:00  + shellingham==1.5.4
2026-09-29T17:49:40.497664+00:00  + six==1.17.0
2026-09-29T17:49:40.497702+00:00  + soup-cli==0.75.1
2026-09-29T17:49:40.497774+00:00  + sympy==1.14.0
2026-09-29T17:49:40.497814+00:00  + tokenizers==0.23.2
2026-09-29T17:49:40.497864+00:00  + torch==2.14.0
2026-09-29T17:49:40.497905+00:00  + tqdm==4.70.1
2026-09-29T17:49:40.497941+00:00  + transformers==5.17.0
2026-09-29T17:49:40.497980+00:00  + triton==3.8.0
2026-09-29T17:49:40.498023+00:00  + trl==0.29.1
2026-09-29T17:49:40.498063+00:00  + typer==0.20.1
2026-09-29T17:49:40.498099+00:00  + typing-extensions==4.16.0
2026-09-29T17:49:40.498141+00:00  + typing-inspection==0.4.4
2026-09-29T17:49:40.498185+00:00  + urllib3==2.8.0
2026-09-29T17:49:40.498220+00:00  + xxhash==4.0.1
2026-09-29T17:49:40.498254+00:00  + yarl==1.25.1

END exit_code=0
