START 2026-09-29T17:49:40.510222+00:00
COMMAND ['/usr/bin/python3', '-m', 'uv', 'pip', 'freeze', '--python', '/content/soup-py312/bin/python']
2026-09-29T17:49:40.587660+00:00 Using Python 3.12.3 environment at: soup-py312
2026-09-29T17:49:40.589436+00:00 accelerate==1.15.0
2026-09-29T17:49:40.589460+00:00 aiohappyeyeballs==2.7.1
2026-09-29T17:49:40.589480+00:00 aiohttp==3.14.3
2026-09-29T17:49:40.589492+00:00 aiosignal==1.4.0
2026-09-29T17:49:40.589503+00:00 annotated-types==0.8.0
2026-09-29T17:49:40.589514+00:00 anyio==4.15.1
2026-09-29T17:49:40.589524+00:00 attrs==26.1.0
2026-09-29T17:49:40.589537+00:00 bitsandbytes==0.50.2
2026-09-29T17:49:40.589547+00:00 certifi==2026.7.22
2026-09-29T17:49:40.589557+00:00 charset-normalizer==3.5.1
2026-09-29T17:49:40.589568+00:00 click==8.5.0
2026-09-29T17:49:40.589578+00:00 cuda-bindings==13.4.3
2026-09-29T17:49:40.589589+00:00 cuda-pathfinder==1.8.2
2026-09-29T17:49:40.589599+00:00 cuda-toolkit==13.0.3.0
2026-09-29T17:49:40.589609+00:00 datasets==5.0.1
2026-09-29T17:49:40.589619+00:00 dill==0.4.1
2026-09-29T17:49:40.589631+00:00 filelock==4.0.6
2026-09-29T17:49:40.589640+00:00 frozenlist==1.8.0
2026-09-29T17:49:40.589661+00:00 fsspec==2026.6.0
2026-09-29T17:49:40.589670+00:00 h11==0.16.0
2026-09-29T17:49:40.589679+00:00 hf-xet==1.6.0
2026-09-29T17:49:40.589688+00:00 httpcore==1.0.9
2026-09-29T17:49:40.589697+00:00 httpx==0.28.1
2026-09-29T17:49:40.589711+00:00 huggingface-hub==1.33.0
2026-09-29T17:49:40.589720+00:00 idna==3.20
2026-09-29T17:49:40.589729+00:00 jinja2==3.1.6
2026-09-29T17:49:40.589738+00:00 markdown-it-py==4.2.0
2026-09-29T17:49:40.589747+00:00 markupsafe==3.0.3
2026-09-29T17:49:40.589755+00:00 mdurl==0.1.2
2026-09-29T17:49:40.589764+00:00 mpmath==1.3.0
2026-09-29T17:49:40.589772+00:00 multidict==6.9.1
2026-09-29T17:49:40.589780+00:00 multiprocess==0.70.19
2026-09-29T17:49:40.589788+00:00 networkx==3.7
2026-09-29T17:49:40.589796+00:00 numpy==2.5.3
2026-09-29T17:49:40.589804+00:00 nvidia-cublas==13.1.1.3
2026-09-29T17:49:40.589812+00:00 nvidia-cuda-cupti==13.0.85
2026-09-29T17:49:40.589819+00:00 nvidia-cuda-nvrtc==13.0.88
2026-09-29T17:49:40.589827+00:00 nvidia-cuda-runtime==13.0.96
2026-09-29T17:49:40.589834+00:00 nvidia-cudnn-cu13==9.24.0.43
2026-09-29T17:49:40.589959+00:00 nvidia-cufft==12.0.0.61
2026-09-29T17:49:40.589970+00:00 nvidia-cufile==1.15.1.6
2026-09-29T17:49:40.589978+00:00 nvidia-curand==10.4.0.35
2026-09-29T17:49:40.589985+00:00 nvidia-cusolver==12.0.4.66
2026-09-29T17:49:40.589993+00:00 nvidia-cusparse==12.6.3.3
2026-09-29T17:49:40.590003+00:00 nvidia-cusparselt-cu13==0.8.1
2026-09-29T17:49:40.590011+00:00 nvidia-nccl-cu13==2.30.7
2026-09-29T17:49:40.590019+00:00 nvidia-nvjitlink==13.4.92
2026-09-29T17:49:40.590027+00:00 nvidia-nvshmem-cu13==3.4.5
2026-09-29T17:49:40.590034+00:00 nvidia-nvtx==13.0.85
2026-09-29T17:49:40.590043+00:00 packaging==26.3
2026-09-29T17:49:40.590051+00:00 pandas==3.0.6
2026-09-29T17:49:40.590059+00:00 peft==0.21.1
2026-09-29T17:49:40.590068+00:00 plotext==6.1.0
2026-09-29T17:49:40.590077+00:00 propcache==0.5.4
2026-09-29T17:49:40.590085+00:00 psutil==7.2.2
2026-09-29T17:49:40.590094+00:00 pyarrow==25.0.1
2026-09-29T17:49:40.590103+00:00 pydantic==2.13.5
2026-09-29T17:49:40.590112+00:00 pydantic-core==2.46.5
2026-09-29T17:49:40.590120+00:00 pygments==2.21.0
2026-09-29T17:49:40.590129+00:00 python-dateutil==2.9.0.post0
2026-09-29T17:49:40.590138+00:00 pyyaml==6.0.3
2026-09-29T17:49:40.590146+00:00 regex==2026.9.29
2026-09-29T17:49:40.590155+00:00 requests==2.34.2
2026-09-29T17:49:40.590164+00:00 rich==15.0.0
2026-09-29T17:49:40.590195+00:00 safetensors==0.8.0
2026-09-29T17:49:40.590203+00:00 setuptools==84.0.0
2026-09-29T17:49:40.590212+00:00 shellingham==1.5.4
2026-09-29T17:49:40.590221+00:00 six==1.17.0
2026-09-29T17:49:40.590242+00:00 soup-cli==0.75.1
2026-09-29T17:49:40.590251+00:00 sympy==1.14.0
2026-09-29T17:49:40.590260+00:00 tokenizers==0.23.2
2026-09-29T17:49:40.590268+00:00 torch==2.14.0
2026-09-29T17:49:40.590277+00:00 tqdm==4.70.1
2026-09-29T17:49:40.590286+00:00 transformers==5.17.0
2026-09-29T17:49:40.590294+00:00 triton==3.8.0
2026-09-29T17:49:40.590303+00:00 trl==0.29.1
2026-09-29T17:49:40.590313+00:00 typer==0.20.1
2026-09-29T17:49:40.590321+00:00 typing-extensions==4.16.0
2026-09-29T17:49:40.590330+00:00 typing-inspection==0.4.4
2026-09-29T17:49:40.590338+00:00 urllib3==2.8.0
2026-09-29T17:49:40.590346+00:00 xxhash==4.0.1
2026-09-29T17:49:40.590354+00:00 yarl==1.25.1

END exit_code=0
