START 2026-09-29T18:55:29.889252+00:00
COMMAND ['/content/soup-py312/bin/python', '/content/soup_takehome/20260929T185529887437Z-prepare-fixed/prepare_data.py', '/content/soup_takehome/20260929T185529887437Z-prepare-fixed']
2026-09-29T18:55:36.666772+00:00 Warning: You are sending unauthenticated requests to the HF Hub. Please set a HF_TOKEN to enable higher rate limits and faster downloads.
2026-09-29T18:55:51.965982+00:00 train {
2026-09-29T18:55:51.966018+00:00   "accepted": 500,
2026-09-29T18:55:51.966030+00:00   "counts": {
2026-09-29T18:55:51.966058+00:00     "scanned": 1115,
2026-09-29T18:55:51.966070+00:00     "too_long": 464,
2026-09-29T18:55:51.966082+00:00     "non_strict_or_invalid_preference": 135,
2026-09-29T18:55:51.966093+00:00     "identical_answers": 13,
2026-09-29T18:55:51.966105+00:00     "empty_or_invalid": 3
2026-09-29T18:55:51.966117+00:00   },
2026-09-29T18:55:51.966128+00:00   "sha256": "cf10ef39e260838c6a2aa3b5f27a1a70b836cf1bcd3a978aedafb66e8f56a5c9",
2026-09-29T18:55:51.966139+00:00   "mean_tokens": {
2026-09-29T18:55:51.966149+00:00     "prompt": 97.33,
2026-09-29T18:55:51.966160+00:00     "chosen": 162.96,
2026-09-29T18:55:51.966171+00:00     "rejected": 136.07
2026-09-29T18:55:51.966181+00:00   },
2026-09-29T18:55:51.966192+00:00   "max_full_tokens": 510,
2026-09-29T18:55:51.966203+00:00   "chosen_longer_fraction": 0.56
2026-09-29T18:55:51.966214+00:00 }
2026-09-29T18:56:00.900876+00:00 test {
2026-09-29T18:56:00.900917+00:00   "accepted": 100,
2026-09-29T18:56:00.900930+00:00   "counts": {
2026-09-29T18:56:00.900940+00:00     "scanned": 184,
2026-09-29T18:56:00.900950+00:00     "too_long": 65,
2026-09-29T18:56:00.900960+00:00     "identical_answers": 1,
2026-09-29T18:56:00.900972+00:00     "non_strict_or_invalid_preference": 18
2026-09-29T18:56:00.900981+00:00   },
2026-09-29T18:56:00.900992+00:00   "sha256": "54e7aa6c02730cad09f56b9365b594938e652f28669df10283b1915fe700073d",
2026-09-29T18:56:00.901002+00:00   "mean_tokens": {
2026-09-29T18:56:00.901011+00:00     "prompt": 106.72,
2026-09-29T18:56:00.901020+00:00     "chosen": 161.39,
2026-09-29T18:56:00.901029+00:00     "rejected": 139.45
2026-09-29T18:56:00.901038+00:00   },
2026-09-29T18:56:00.901048+00:00   "max_full_tokens": 509,
2026-09-29T18:56:00.901058+00:00   "chosen_longer_fraction": 0.51
2026-09-29T18:56:00.901068+00:00 }
2026-09-29T18:56:00.901095+00:00 DONE: train=500, test=100; normalized prompt overlap=0
2026-09-29T18:56:00.901107+00:00 Files: /content/soup_takehome/20260929T185529887437Z-prepare-fixed

END exit_code=0
