START 2026-09-29T18:29:34.445117+00:00
COMMAND ['/content/soup-py312/bin/soup', 'doctor']
2026-09-29T18:29:35.058648+00:00 Soup Doctor - checking your environment...
2026-09-29T18:29:35.058687+00:00 
2026-09-29T18:29:35.064622+00:00 ╭─────────────────────────────────── System ───────────────────────────────────╮
2026-09-29T18:29:35.064653+00:00 │ Python:   3.12.3                                                             │
2026-09-29T18:29:35.064667+00:00 │ Platform: Linux 6.6.122+                                                     │
2026-09-29T18:29:35.064678+00:00 │ Arch:     x86_64                                                             │
2026-09-29T18:29:35.064689+00:00 │ `soup` runs under /content/soup-py312/bin/python; `python` on your PATH is   │
2026-09-29T18:29:35.064700+00:00 │ /usr/local/bin/python. site-packages may differ — for any `python -c` check  │
2026-09-29T18:29:35.064710+00:00 │ use the soup interpreter explicitly.                                         │
2026-09-29T18:29:35.064721+00:00 ╰──────────────────────────────────────────────────────────────────────────────╯
2026-09-29T18:29:37.090981+00:00 ╭──────────────────────────────────── GPU ─────────────────────────────────────╮
2026-09-29T18:29:37.091016+00:00 │ CUDA:     available (v13.0)                                                  │
2026-09-29T18:29:37.091028+00:00 │ GPUs:     1                                                                  │
2026-09-29T18:29:37.091039+00:00 │   GPU 0: Tesla T4 (14.6 GB)                                                  │
2026-09-29T18:29:37.091049+00:00 ╰──────────────────────────────────────────────────────────────────────────────╯
2026-09-29T18:29:37.111336+00:00     System Resources     
2026-09-29T18:29:37.111361+00:00 ┏━━━━━━━━━━┳━━━━━━━━━━━━┓
2026-09-29T18:29:37.111374+00:00 ┃ Resource ┃ Value      ┃
2026-09-29T18:29:37.111384+00:00 ┡━━━━━━━━━━╇━━━━━━━━━━━━┩
2026-09-29T18:29:37.111394+00:00 │ RAM      │ 13 GB      │
2026-09-29T18:29:37.111404+00:00 │ Disk     │ 59 GB free │
2026-09-29T18:29:37.111414+00:00 └──────────┴────────────┘
2026-09-29T18:29:37.111594+00:00 
2026-09-29T18:29:43.643168+00:00                               Dependencies                              
2026-09-29T18:29:43.643205+00:00 ┏━━━━━━━━━━━━━━┳━━━━━━━━━━┳━━━━━━━━━━━━━━┳━━━━━━━━━━━━━┳━━━━━━━━━━━━━━━┓
2026-09-29T18:29:43.643221+00:00 ┃ Package      ┃ Required ┃  Installed   ┃ Min Version ┃ Status        ┃
2026-09-29T18:29:43.643246+00:00 ┡━━━━━━━━━━━━━━╇━━━━━━━━━━╇━━━━━━━━━━━━━━╇━━━━━━━━━━━━━╇━━━━━━━━━━━━━━━┩
2026-09-29T18:29:43.643257+00:00 │ pydantic     │   yes    │    2.13.5    │ >=2.0.0     │ OK            │
2026-09-29T18:29:43.643268+00:00 │ typer        │   yes    │    0.20.1    │ >=0.9.0     │ OK            │
2026-09-29T18:29:43.643277+00:00 │ rich         │   yes    │    15.0.0    │ >=13.0.0    │ OK            │
2026-09-29T18:29:43.643287+00:00 │ pyyaml       │   yes    │    6.0.3     │ >=6.0       │ OK            │
2026-09-29T18:29:43.643296+00:00 │ plotext      │   yes    │    6.1.0     │ >=5.2.0     │ OK            │
2026-09-29T18:29:43.643306+00:00 │ fastapi      │ optional │      -       │ >=0.104.0   │ not installed │
2026-09-29T18:29:43.643316+00:00 │ uvicorn      │ optional │      -       │ >=0.24.0    │ not installed │
2026-09-29T18:29:43.643325+00:00 │ datasketch   │ optional │      -       │ >=1.6.0     │ not installed │
2026-09-29T18:29:43.643334+00:00 │ lm-eval      │ optional │      -       │ >=0.4.0     │ not installed │
2026-09-29T18:29:43.643344+00:00 │ wandb        │ optional │      -       │ >=0.15.0    │ not installed │
2026-09-29T18:29:43.643353+00:00 │ deepspeed    │ optional │      -       │ >=0.12.0    │ not installed │
2026-09-29T18:29:43.643362+00:00 │ httpx        │ optional │    0.28.1    │ >=0.24.0    │ OK            │
2026-09-29T18:29:43.643372+00:00 │ unsloth      │ optional │      -       │ >=2024.8    │ not installed │
2026-09-29T18:29:43.643382+00:00 │ Pillow       │ optional │      -       │ >=9.0.0     │ not installed │
2026-09-29T18:29:43.643393+00:00 │ torchao      │ optional │      -       │ >=0.4.0     │ not installed │
2026-09-29T18:29:43.643402+00:00 │ sglang       │ optional │      -       │ >=0.2.0     │ not installed │
2026-09-29T18:29:43.643412+00:00 │ librosa      │ optional │      -       │ >=0.10.0    │ not installed │
2026-09-29T18:29:43.643423+00:00 │ torch        │ [train]  │ 2.14.0+cu130 │ >=2.6.0     │ OK            │
2026-09-29T18:29:43.643433+00:00 │ transformers │ [train]  │    5.17.0    │ >=5.16.1    │ OK            │
2026-09-29T18:29:43.643442+00:00 │ peft         │ [train]  │    0.21.1    │ >=0.20.0    │ OK            │
2026-09-29T18:29:43.643452+00:00 │ trl          │ [train]  │    0.29.1    │ >=0.29.0    │ OK            │
2026-09-29T18:29:43.643461+00:00 │ datasets     │ [train]  │    5.0.1     │ >=2.14.0    │ OK            │
2026-09-29T18:29:43.643471+00:00 │ bitsandbytes │ [train]  │    0.50.2    │ >=0.41.0    │ OK            │
2026-09-29T18:29:43.643480+00:00 │ accelerate   │ [train]  │    1.15.0    │ >=0.27.0    │ OK            │
2026-09-29T18:29:43.643489+00:00 └──────────────┴──────────┴──────────────┴─────────────┴───────────────┘
2026-09-29T18:29:43.643624+00:00 
2026-09-29T18:29:43.643644+00:00 All checks passed! Your environment is ready.
2026-09-29T18:29:43.644141+00:00 
2026-09-29T18:29:43.644163+00:00 GitHub: https://github.com/MakazhanAlpamys/Soup

END exit_code=0
