START 2026-09-29T18:23:08.291097+00:00
COMMAND ['/usr/bin/python3', '-m', 'uv', 'pip', 'freeze', '--python', '/content/soup-py312/bin/python']
2026-09-29T18:23:08.345263+00:00 Using Python 3.12.3 environment at: soup-py312
2026-09-29T18:23:08.346251+00:00 accelerate==1.15.0
2026-09-29T18:23:08.346271+00:00 aiohappyeyeballs==2.7.1
2026-09-29T18:23:08.346291+00:00 aiohttp==3.14.3
2026-09-29T18:23:08.346302+00:00 aiosignal==1.4.0
2026-09-29T18:23:08.346311+00:00 annotated-types==0.8.0
2026-09-29T18:23:08.346321+00:00 anyio==4.15.1
2026-09-29T18:23:08.346332+00:00 attrs==26.1.0
2026-09-29T18:23:08.346341+00:00 bitsandbytes==0.50.2
2026-09-29T18:23:08.346351+00:00 certifi==2026.7.22
2026-09-29T18:23:08.346361+00:00 charset-normalizer==3.5.1
2026-09-29T18:23:08.346371+00:00 click==8.5.0
2026-09-29T18:23:08.346381+00:00 cuda-bindings==13.4.3
2026-09-29T18:23:08.346390+00:00 cuda-pathfinder==1.8.2
2026-09-29T18:23:08.346400+00:00 cuda-toolkit==13.0.3.0
2026-09-29T18:23:08.346409+00:00 datasets==5.0.1
2026-09-29T18:23:08.346418+00:00 dill==0.4.1
2026-09-29T18:23:08.346428+00:00 filelock==4.0.6
2026-09-29T18:23:08.346438+00:00 frozenlist==1.8.0
2026-09-29T18:23:08.346452+00:00 fsspec==2026.6.0
2026-09-29T18:23:08.346462+00:00 h11==0.16.0
2026-09-29T18:23:08.346471+00:00 hf-xet==1.6.0
2026-09-29T18:23:08.346480+00:00 httpcore==1.0.9
2026-09-29T18:23:08.346490+00:00 httpx==0.28.1
2026-09-29T18:23:08.346499+00:00 huggingface-hub==1.33.0
2026-09-29T18:23:08.346508+00:00 idna==3.20
2026-09-29T18:23:08.346517+00:00 jinja2==3.1.6
2026-09-29T18:23:08.346526+00:00 markdown-it-py==4.2.0
2026-09-29T18:23:08.346535+00:00 markupsafe==3.0.3
2026-09-29T18:23:08.346544+00:00 mdurl==0.1.2
2026-09-29T18:23:08.346554+00:00 mpmath==1.3.0
2026-09-29T18:23:08.346562+00:00 multidict==6.9.1
2026-09-29T18:23:08.346571+00:00 multiprocess==0.70.19
2026-09-29T18:23:08.346580+00:00 networkx==3.7
2026-09-29T18:23:08.346588+00:00 numpy==2.5.3
2026-09-29T18:23:08.346597+00:00 nvidia-cublas==13.1.1.3
2026-09-29T18:23:08.346604+00:00 nvidia-cuda-cupti==13.0.85
2026-09-29T18:23:08.346614+00:00 nvidia-cuda-nvrtc==13.0.88
2026-09-29T18:23:08.346622+00:00 nvidia-cuda-runtime==13.0.96
2026-09-29T18:23:08.346630+00:00 nvidia-cudnn-cu13==9.24.0.43
2026-09-29T18:23:08.346639+00:00 nvidia-cufft==12.0.0.61
2026-09-29T18:23:08.346648+00:00 nvidia-cufile==1.15.1.6
2026-09-29T18:23:08.346656+00:00 nvidia-curand==10.4.0.35
2026-09-29T18:23:08.346669+00:00 nvidia-cusolver==12.0.4.66
2026-09-29T18:23:08.346675+00:00 nvidia-cusparse==12.6.3.3
2026-09-29T18:23:08.346680+00:00 nvidia-cusparselt-cu13==0.8.1
2026-09-29T18:23:08.346685+00:00 nvidia-nccl-cu13==2.30.7
2026-09-29T18:23:08.346690+00:00 nvidia-nvjitlink==13.4.92
2026-09-29T18:23:08.346695+00:00 nvidia-nvshmem-cu13==3.4.5
2026-09-29T18:23:08.346700+00:00 nvidia-nvtx==13.0.85
2026-09-29T18:23:08.346705+00:00 packaging==26.3
2026-09-29T18:23:08.346710+00:00 pandas==3.0.6
2026-09-29T18:23:08.346715+00:00 peft==0.21.1
2026-09-29T18:23:08.346721+00:00 plotext==6.1.0
2026-09-29T18:23:08.346726+00:00 propcache==0.5.4
2026-09-29T18:23:08.346736+00:00 psutil==7.2.2
2026-09-29T18:23:08.346741+00:00 pyarrow==25.0.1
2026-09-29T18:23:08.346746+00:00 pydantic==2.13.5
2026-09-29T18:23:08.346751+00:00 pydantic-core==2.46.5
2026-09-29T18:23:08.346756+00:00 pygments==2.21.0
2026-09-29T18:23:08.346761+00:00 python-dateutil==2.9.0.post0
2026-09-29T18:23:08.346767+00:00 pyyaml==6.0.3
2026-09-29T18:23:08.346771+00:00 regex==2026.9.29
2026-09-29T18:23:08.346777+00:00 requests==2.34.2
2026-09-29T18:23:08.346782+00:00 rich==15.0.0
2026-09-29T18:23:08.346787+00:00 safetensors==0.8.0
2026-09-29T18:23:08.346796+00:00 setuptools==84.0.0
2026-09-29T18:23:08.346801+00:00 shellingham==1.5.4
2026-09-29T18:23:08.346806+00:00 six==1.17.0
2026-09-29T18:23:08.346811+00:00 soup-cli==0.75.1
2026-09-29T18:23:08.346816+00:00 sympy==1.14.0
2026-09-29T18:23:08.346821+00:00 tokenizers==0.23.2
2026-09-29T18:23:08.346855+00:00 torch==2.14.0
2026-09-29T18:23:08.346865+00:00 tqdm==4.70.1
2026-09-29T18:23:08.346872+00:00 transformers==5.17.0
2026-09-29T18:23:08.346880+00:00 triton==3.8.0
2026-09-29T18:23:08.346888+00:00 trl==0.29.1
2026-09-29T18:23:08.346897+00:00 typer==0.20.1
2026-09-29T18:23:08.346905+00:00 typing-extensions==4.16.0
2026-09-29T18:23:08.346913+00:00 typing-inspection==0.4.4
2026-09-29T18:23:08.346921+00:00 urllib3==2.8.0
2026-09-29T18:23:08.346930+00:00 xxhash==4.0.1
2026-09-29T18:23:08.346938+00:00 yarl==1.25.1

END exit_code=0
