START 2026-09-29T20:19:54.544418+00:00
COMMAND ['/content/soup-py312/bin/python', '-u', '/content/soup_takehome/20260929T201954543793Z-reload-amp/verify_adapter.py']
2026-09-29T20:20:02.393009+00:00 
2026-09-29T20:20:03.584463+00:00 Loading weights:   0%|          | 0/338 [00:00<?, ?it/s]
2026-09-29T20:20:03.703910+00:00 Loading weights:   0%|          | 1/338 [00:01<06:41,  1.19s/it]
2026-09-29T20:20:04.076007+00:00 Loading weights:  22%|██▏       | 76/338 [00:01<00:03, 79.36it/s]
2026-09-29T20:20:04.300867+00:00 Loading weights:  33%|███▎      | 113/338 [00:01<00:02, 86.68it/s]
2026-09-29T20:20:04.415278+00:00 Loading weights:  41%|████      | 138/338 [00:01<00:02, 92.36it/s]
2026-09-29T20:20:04.568095+00:00 Loading weights:  47%|████▋     | 159/338 [00:02<00:01, 105.64it/s]
2026-09-29T20:20:04.742421+00:00 Loading weights:  53%|█████▎    | 178/338 [00:02<00:01, 109.74it/s]
2026-09-29T20:20:04.915184+00:00 Loading weights:  58%|█████▊    | 195/338 [00:02<00:01, 106.53it/s]
2026-09-29T20:20:05.050695+00:00 Loading weights:  62%|██████▏   | 210/338 [00:02<00:01, 101.29it/s]
2026-09-29T20:20:05.188922+00:00 Loading weights:  68%|██████▊   | 231/338 [00:02<00:00, 113.66it/s]
2026-09-29T20:20:05.304717+00:00 Loading weights:  72%|███████▏  | 245/338 [00:02<00:00, 110.59it/s]
2026-09-29T20:20:05.421314+00:00 Loading weights:  76%|███████▋  | 258/338 [00:02<00:00, 110.91it/s]
2026-09-29T20:20:05.552223+00:00 Loading weights:  81%|████████▏ | 275/338 [00:03<00:00, 119.66it/s]
2026-09-29T20:20:05.676776+00:00 Loading weights:  86%|████████▌ | 291/338 [00:03<00:00, 120.40it/s]
2026-09-29T20:20:05.780516+00:00 Loading weights:  90%|█████████ | 305/338 [00:03<00:00, 118.16it/s]
2026-09-29T20:20:05.804930+00:00 Loading weights:  97%|█████████▋| 327/338 [00:03<00:00, 141.72it/s]
2026-09-29T20:20:05.804962+00:00 Loading weights: 100%|██████████| 338/338 [00:03<00:00, 99.05it/s] 
2026-09-29T20:20:08.858125+00:00 {
2026-09-29T20:20:08.858169+00:00   "status": "RELOAD_PASS_MATCHED_AUTOCAST",
2026-09-29T20:20:08.858181+00:00   "source": "/content/soup_takehome/20260929T201018626035Z-smoke",
2026-09-29T20:20:08.858209+00:00   "output": "/content/soup_takehome/20260929T201954577670Z-reload-check",
2026-09-29T20:20:08.858220+00:00   "exact_saved_tensor_matches": 112,
2026-09-29T20:20:08.858232+00:00   "no_autocast_control": {
2026-09-29T20:20:08.858259+00:00     "active_max_error": 0.0576171875,
2026-09-29T20:20:08.858276+00:00     "disabled_max_error": 0.0,
2026-09-29T20:20:08.858287+00:00     "active_allclose": false
2026-09-29T20:20:08.858298+00:00   },
2026-09-29T20:20:08.858310+00:00   "comparison_mode": "explicit CUDA FP16 autocast; unchanged atol/rtol",
2026-09-29T20:20:08.858320+00:00   "adapter_parameter_dtypes": [
2026-09-29T20:20:08.858331+00:00     "torch.float32"
2026-09-29T20:20:08.858342+00:00   ],
2026-09-29T20:20:08.858352+00:00   "repeat_noise_max": 0.0,
2026-09-29T20:20:08.858367+00:00   "reloaded_adapter_effect_max": 0.0625,
2026-09-29T20:20:08.858378+00:00   "stream_vs_resident_active_max_error": 0.0,
2026-09-29T20:20:08.858389+00:00   "stream_vs_resident_disabled_max_error": 0.0,
2026-09-29T20:20:08.858399+00:00   "parity_tolerance": {
2026-09-29T20:20:08.858410+00:00     "atol": 0.001,
2026-09-29T20:20:08.858421+00:00     "rtol": 0.001
2026-09-29T20:20:08.858431+00:00   },
2026-09-29T20:20:08.858442+00:00   "active_allclose": true,
2026-09-29T20:20:08.858452+00:00   "disabled_allclose": true,
2026-09-29T20:20:08.858461+00:00   "peak_allocated": 3116004864,
2026-09-29T20:20:08.858471+00:00   "peak_reserved": 3154116608,
2026-09-29T20:20:08.858481+00:00   "effect_threshold": 0.0001,
2026-09-29T20:20:08.858491+00:00   "negative_control_detected": true,
2026-09-29T20:20:08.858502+00:00   "limitations": "Three training prompts, last-token logits only; no held-out quality, gradient parity or deployment validation. Allclose is tolerance-based, not bitwise equality.",
2026-09-29T20:20:08.858512+00:00   "finished_utc": "2026-09-29T20:20:08.857359+00:00"
2026-09-29T20:20:08.858523+00:00 }

END exit_code=0
