START 2026-09-29T20:17:36.220432+00:00
COMMAND ['/content/soup-py312/bin/python', '-u', '/content/soup_takehome/20260929T201736219919Z-reload-launch/verify_adapter.py']
2026-09-29T20:17:46.196032+00:00 
2026-09-29T20:17:46.998864+00:00 Loading weights:   0%|          | 0/338 [00:00<?, ?it/s]
2026-09-29T20:17:47.157987+00:00 Loading weights:   0%|          | 1/338 [00:00<04:30,  1.25it/s]
2026-09-29T20:17:47.509508+00:00 Loading weights:  12%|█▏        | 41/338 [00:00<00:05, 56.36it/s]
2026-09-29T20:17:47.830373+00:00 Loading weights:  17%|█▋        | 56/338 [00:01<00:05, 50.77it/s]
2026-09-29T20:17:48.008138+00:00 Loading weights:  20%|█▉        | 66/338 [00:01<00:06, 43.92it/s]
2026-09-29T20:17:48.226794+00:00 Loading weights:  22%|██▏       | 75/338 [00:01<00:05, 45.38it/s]
2026-09-29T20:17:48.432181+00:00 Loading weights:  24%|██▍       | 82/338 [00:02<00:06, 41.73it/s]
2026-09-29T20:17:48.561095+00:00 Loading weights:  26%|██▌       | 88/338 [00:02<00:06, 38.33it/s]
2026-09-29T20:17:48.674336+00:00 Loading weights:  33%|███▎      | 111/338 [00:02<00:03, 65.58it/s]
2026-09-29T20:17:48.774346+00:00 Loading weights:  37%|███▋      | 125/338 [00:02<00:02, 77.00it/s]
2026-09-29T20:17:48.894384+00:00 Loading weights:  44%|████▍     | 148/338 [00:02<00:01, 107.33it/s]
2026-09-29T20:17:48.998073+00:00 Loading weights:  51%|█████     | 171/338 [00:02<00:01, 128.75it/s]
2026-09-29T20:17:49.121350+00:00 Loading weights:  55%|█████▌    | 187/338 [00:02<00:01, 135.01it/s]
2026-09-29T20:17:49.237483+00:00 Loading weights:  62%|██████▏   | 209/338 [00:02<00:00, 147.35it/s]
2026-09-29T20:17:49.360392+00:00 Loading weights:  68%|██████▊   | 231/338 [00:03<00:00, 159.17it/s]
2026-09-29T20:17:49.489055+00:00 Loading weights:  75%|███████▌  | 255/338 [00:03<00:00, 169.86it/s]
2026-09-29T20:17:49.595323+00:00 Loading weights:  83%|████████▎ | 279/338 [00:03<00:00, 174.98it/s]
2026-09-29T20:17:50.014414+00:00 Loading weights:  88%|████████▊ | 298/338 [00:03<00:00, 175.98it/s]
2026-09-29T20:17:50.503246+00:00 Loading weights:  93%|█████████▎| 316/338 [00:03<00:00, 96.16it/s] 
2026-09-29T20:17:50.503728+00:00 Loading weights:  98%|█████████▊| 330/338 [00:04<00:00, 62.42it/s]
2026-09-29T20:17:50.503753+00:00 Loading weights: 100%|██████████| 338/338 [00:04<00:00, 78.45it/s]
2026-09-29T20:17:53.585083+00:00 {
2026-09-29T20:17:53.585119+00:00   "status": "FAILED",
2026-09-29T20:17:53.585131+00:00   "source": "/content/soup_takehome/20260929T201018626035Z-smoke",
2026-09-29T20:17:53.585143+00:00   "output": "/content/soup_takehome/20260929T201736291112Z-reload-check",
2026-09-29T20:17:53.585152+00:00   "exact_saved_tensor_matches": 112,
2026-09-29T20:17:53.585162+00:00   "repeat_noise_max": 0.0,
2026-09-29T20:17:53.585171+00:00   "reloaded_adapter_effect_max": 0.05078125,
2026-09-29T20:17:53.585181+00:00   "stream_vs_resident_active_max_error": 0.0576171875,
2026-09-29T20:17:53.585189+00:00   "stream_vs_resident_disabled_max_error": 0.0,
2026-09-29T20:17:53.585198+00:00   "parity_tolerance": {
2026-09-29T20:17:53.585208+00:00     "atol": 0.001,
2026-09-29T20:17:53.585217+00:00     "rtol": 0.001
2026-09-29T20:17:53.585227+00:00   },
2026-09-29T20:17:53.585236+00:00   "active_allclose": false,
2026-09-29T20:17:53.585245+00:00   "disabled_allclose": true,
2026-09-29T20:17:53.585257+00:00   "peak_allocated": 3113825792,
2026-09-29T20:17:53.585266+00:00   "peak_reserved": 3154116608,
2026-09-29T20:17:53.585274+00:00   "effect_threshold": 0.0001,
2026-09-29T20:17:53.585283+00:00   "negative_control_detected": true,
2026-09-29T20:17:53.585293+00:00   "error": "AssertionError('Resident reload differs from streamed output')",
2026-09-29T20:17:53.585303+00:00   "finished_utc": "2026-09-29T20:17:53.584624+00:00"
2026-09-29T20:17:53.585312+00:00 }
2026-09-29T20:17:53.585348+00:00 Traceback (most recent call last):
2026-09-29T20:17:53.585358+00:00   File "/content/soup_takehome/20260929T201736219919Z-reload-launch/verify_adapter.py", line 80, in <module>
2026-09-29T20:17:53.585367+00:00     main()
2026-09-29T20:17:53.585375+00:00   File "/content/soup_takehome/20260929T201736219919Z-reload-launch/verify_adapter.py", line 73, in main
2026-09-29T20:17:53.585384+00:00     assert report['active_allclose'] and report['disabled_allclose'], 'Resident reload differs from streamed output'
2026-09-29T20:17:53.585398+00:00            ^^^^^^^^^^^^^^^^^^^^^^^^^^^^^^^^^^^^^^^^^^^^^^^^^^^^^^^^^
2026-09-29T20:17:53.585405+00:00 AssertionError: Resident reload differs from streamed output

END exit_code=1
